04-26 22:03:48.450  1660  1660 I GoogleInputMethodService: GoogleInputMethodService.setKeyboardViewShown():3483 setKeyboardViewShown() : type = HEADER, shownType = SHOW_MANDATORY
04-26 22:03:48.450  1660  1660 I GoogleInputMethodService: GoogleInputMethodService.setKeyboardViewShown():3530 setKeyboardViewShown() : shouldShow = true
04-26 22:03:48.450  1660  1660 I GoogleInputMethodService: GoogleInputMethodService.setKeyboardViewShown():3483 setKeyboardViewShown() : type = BODY, shownType = SHOW_MANDATORY
04-26 22:03:48.450  1660  1660 I GoogleInputMethodService: GoogleInputMethodService.setKeyboardViewShown():3530 setKeyboardViewShown() : shouldShow = true
04-26 22:03:48.450  1660  1660 I GoogleInputMethodService: GoogleInputMethodService.setKeyboardViewShown():3483 setKeyboardViewShown() : type = FLOATING_CANDIDATES, shownType = HIDE
04-26 22:03:48.450  1660  1660 I GoogleInputMethodService: GoogleInputMethodService.setKeyboardViewShown():3530 setKeyboardViewShown() : shouldShow = false
04-26 22:03:48.451  1660  1660 I KeyboardViewUtil: KeyboardViewUtil.calculateMaxKeyboardBodyHeight():40 leave 344 height for app when screen height:2088, header height:121 and isFullscreenMode:false, so the max keyboard body height is:1623
04-26 22:03:48.451  1660  1660 I DeviceModeUtil: DeviceModeUtil.getDeviceMode():122 Get device mode phone by ui mode:1 and smallestScreenWidthDp:393
04-26 22:03:48.453  1660  1660 I DeviceModeUtil: DeviceModeUtil.getDeviceMode():122 Get device mode phone by ui mode:1 and smallestScreenWidthDp:393
04-26 22:03:48.453  1660  1660 I DeviceModeUtil: DeviceModeUtil.getDeviceMode():122 Get device mode phone by ui mode:1 and smallestScreenWidthDp:393
04-26 22:03:48.453  1660  1660 I KeyboardModeManager: KeyboardModeManager.setInputView():364 setInputView() : supportsOneHandedMode=true
04-26 22:03:48.453  1660  1660 I NormalModeController: NormalModeController.getKeyboardBodyViewHolderPaddingBottom():116 currentPrimeKeyboardType:SOFT systemPaddingBottom:-1
04-26 22:03:48.454  1660  1660 I NormalModeController: NormalModeController.getKeyboardBodyViewHolderPaddingBottom():116 currentPrimeKeyboardType:SOFT systemPaddingBottom:-1
04-26 22:03:48.455  1660  1660 I KeyboardModeManager: KeyboardModeManager.setInputView():356 setInputView() : entry=hwn{languageTag=en-US, variant=qwerty, hasLocalizedResources=true, conditionCacheKey=_device=phone_device_size=default_enable_adaptive_text_editing=true_enable_inline_suggestions_on_client_side=false_enable_large_tablet_batch_1=false_enable_large_tablet_batch_2=false_enable_more_candidates_view_for_multilingual=false_enable_nav_redesign=false_enable_number_row=false_enable_preemptive_decode=true_enable_secondary_symbols=false_expressions=normal_four_or_more_letter_rows=false_keyboard_mode=normal_language=en-US_orientation=portrait_physical_keyboard=qwerty_show_secondary_digits=true_show_suggestions=true_split_with_duplicate_keys=true_variant=qwerty, imeDef.stringId=ime_english_united_states, imeDef.className=com.google.android.apps.inputmethod.libs.latin5.LatinIme, imeDef.languageTag=en-US}
04-26 22:03:48.460  1660  1660 I ProactiveSuggestionsHolderManager: ProactiveSuggestionsHolderManager$3.display():216 Requesting to show proactive suggestions: CLIPBOARD PREEMPTIVE_WITH_SUPPRESSION
04-26 22:03:48.464  1660  1660 I CurrentMicStatusHolder: CurrentMicStatusHolder.onStartInputView():79 Current Mic status = {MicIconHidden-SettingOff,MicIconHidden-PasswordOrNumberOrDateInputType,}
04-26 22:03:48.464  1660  1660 I VoiceImeExtension: VoiceImeExtension.shouldStartVoiceInputAutomatically():383 No private IME option set to start voice input.
04-26 22:03:48.483  1674  1674 D BoundBrokerSvc: onBind: Intent { act=com.google.android.gms.common.BIND_SHARED_PREFS pkg=com.google.android.gms }
04-26 22:03:48.483  1674  1674 D BoundBrokerSvc: Loading bound service for intent: Intent { act=com.google.android.gms.common.BIND_SHARED_PREFS pkg=com.google.android.gms }
04-26 22:03:48.486  1660  2156 E OpenGLRenderer: Unable to match the desired swap behavior.
04-26 22:03:48.493  1674  1674 D BoundBrokerSvc: onUnbind: Intent { act=com.google.android.gms.common.BIND_SHARED_PREFS pkg=com.google.android.gms }
04-26 22:03:48.510  1660  1660 I DeviceModeUtil: DeviceModeUtil.getDeviceMode():122 Get device mode phone by ui mode:1 and smallestScreenWidthDp:393
04-26 22:03:48.511  6917  6917 D InsetsController: show(ime(), fromIme=true)
04-26 22:03:48.512  1660  1660 I DeviceModeUtil: DeviceModeUtil.getDeviceMode():122 Get device mode phone by ui mode:1 and smallestScreenWidthDp:393
04-26 22:03:48.536  1674  1674 D BoundBrokerSvc: onBind: Intent { act=com.google.android.gms.common.BIND_SHARED_PREFS pkg=com.google.android.gms }
04-26 22:03:48.537  1674  1674 D BoundBrokerSvc: Loading bound service for intent: Intent { act=com.google.android.gms.common.BIND_SHARED_PREFS pkg=com.google.android.gms }
04-26 22:03:48.543  1674  1674 D BoundBrokerSvc: onUnbind: Intent { act=com.google.android.gms.common.BIND_SHARED_PREFS pkg=com.google.android.gms }
04-26 22:03:48.664  6917  6917 D UiControllerImpl: Injecting string: "1"
04-26 22:03:48.710  6917  6917 I ViewInteraction: Performing 'close keyboard' action on view view.getId() is <2131230916/com.example.goforth:id/confirm>
04-26 22:03:48.712  6917  6917 D IdlingRegistry: Registering idling resources: [androidx.test.espresso.action.CloseKeyboardAction$CloseKeyboardIdlingResult@bcc9fa8]
04-26 22:03:48.713  6917  6917 I ImeTracker: com.example.goforth:a3606a1: onRequestHide at ORIGIN_CLIENT_HIDE_SOFT_INPUT reason HIDE_SOFT_INPUT
04-26 22:03:48.715  1660  1660 I GoogleInputMethodService: GoogleInputMethodService.onFinishInputView():2241
04-26 22:03:48.716  1660  1660 W TooltipLifecycleManager: TooltipLifecycleManager.dismissTooltips():159 Tooltip with id spell_check_add_to_dictionary not found in tooltipManager.
04-26 22:03:48.716  1660  1660 I AndroidIME: AbstractIme.onDeactivate():207 PasswordIme.onDeactivate()
04-26 22:03:48.720  6917  6917 W WindowOnBackDispatcher: sendCancelIfRunning: isInProgress=falsecallback=ImeCallback=ImeOnBackInvokedCallback@99060051 Callback=android.window.IOnBackInvokedCallback$Stub$Proxy@2b55ac1
04-26 22:03:48.724  6917  6917 I ImeTracker: com.example.goforth:3107918d: onCancelled at PHASE_CLIENT_ANIMATION_CANCEL
04-26 22:03:48.743  6917  6917 I ImeTracker: com.example.goforth:3107918d: onShown
04-26 22:03:48.745   575  2182 I ImeTracker: com.example.goforth:3107918d: setFinished on previously finished token at PHASE_NOT_SET with STATUS_SUCCESS
04-26 22:03:48.811   364  3636 D android.hardware.audio@7.1-impl.ranchu: threadLoop: entering standby, frames: 5469376
04-26 22:03:48.958   797   925 D EGL_emulation: app_time_stats: avg=16.25ms min=7.33ms max=35.12ms count=58
04-26 22:03:48.959  6917  6917 I ImeTracker: com.example.goforth:24aa8e30: onRequestHide at ORIGIN_CLIENT_HIDE_SOFT_INPUT reason HIDE_SOFT_INPUT_BY_INSETS_API
04-26 22:03:48.961   575  1200 I ImeTracker: com.example.goforth:24aa8e30: onCancelled at PHASE_SERVER_SHOULD_HIDE
04-26 22:03:48.962  6917  6917 I ImeTracker: com.example.goforth:a3606a1: onHidden
04-26 22:03:49.025  6917  6917 D IdlingRegistry: Unregistering idling resources: [androidx.test.espresso.action.CloseKeyboardAction$CloseKeyboardIdlingResult@bcc9fa8]
04-26 22:03:49.033  6917  6917 I ViewInteraction: Performing 'single click' action on view view.getId() is <2131230724/com.example.goforth:id/Button>
04-26 22:03:49.036  1095  1095 D TaplEvents: TIS / TouchInteractionService.onInputEvent: MotionEvent { action=ACTION_DOWN, actionButton=0, id[0]=0, x[0]=539.5, y[0]=1645.0, toolType[0]=TOOL_TYPE_UNKNOWN, buttonState=BUTTON_PRIMARY, classification=NONE, metaState=0, flags=0x0, edgeFlags=0x0, pointerCount=1, historySize=0, eventTime=1133020, downTime=1133020, deviceId=-1, source=0x1002, displayId=0, eventId=-1060285578 }
04-26 22:03:49.087  1095  1095 D TaplEvents: TIS / TouchInteractionService.onInputEvent: MotionEvent { action=ACTION_UP, actionButton=0, id[0]=0, x[0]=539.5, y[0]=1645.0, toolType[0]=TOOL_TYPE_UNKNOWN, buttonState=BUTTON_PRIMARY, classification=NONE, metaState=0, flags=0x0, edgeFlags=0x0, pointerCount=1, historySize=0, eventTime=1133070, downTime=1133020, deviceId=-1, source=0x1002, displayId=0, eventId=-756020226 }
04-26 22:03:49.089   424   737 D audioserver: FGS Logger Transaction failed
04-26 22:03:49.089   424   737 D audioserver: -129
04-26 22:03:49.095   424   541 D AudioFlinger: mixer(0x7ec3327ca930) throttle end: throttle time(34)
04-26 22:03:49.160  6917  6917 D Display response: [{"playerID":1,"power":3300.0,"resources":{"wood":559,"stone":191,"platinum":500,"food":5000},"troops":{"archerNum":293,"warriorNum":83,"mageNum":153,"cavalryNum":131,"totalTroopPower":2780},"buildings":{"mainbuildinglevel":3,"researchbuildinglevel":1},"troopBuildings":{"archeryrangelevel":1,"magetowerlevel":1,"stableslevel":1,"warriorschoollevel":1},"resourceBuildings":{"farmlevel":1,"lumberyardlevel":1,"platinumminelevel":1,"quarrylevel":1},"clanPermissions":0,"clanMembershipID":0,"userName":"apple","password":"green","locationX":2,"locationY":5,"archerFinalDate":"04/26/2024 20:56:03","mageFinalDate":"04/26/2024 20:56:04","cavalryFinalDate":"04/26/2024 20:56:04","warriorFinalDate":"04/26/2024 20:56:44"},{"playerID":2,"power":470.0,"resources":{"wood":1000,"stone":1000,"platinum":500,"food":5000},"troops":{"archerNum":0,"warriorNum":0,"mageNum":0,"cavalryNum":0,"totalTroopPower":0},"buildings":{"mainbuildinglevel":1,"researchbuildinglevel":1},"troopBuildings":{"archeryrangelevel":1,"magetowerlevel":1,"stableslevel":1,"warriorschoollevel":1},"resourceBuildings":{"farmlevel":1,"lumberyardlevel":1,"platinumminelevel":1,"quarrylevel":1},"clanPermissions":3,"clanMembershipID":1,"userName":"Nick","password":"1","locationX":25,"locationY":10,"archerFinalDate":"a","mageFinalDate":"m","cavalryFinalDate":"c","warriorFinalDate":"w"},{"playerID":3,"power":0.0,"resources":{"wood":1000,"stone":1000,"platinum":500,"food":5000},"troops":{"archerNum":0,"warriorNum":0,"mageNum":0,"cavalryNum":0,"totalTroopPower":0},"buildings":{"mainbuildinglevel":1,"researchbuildinglevel":1},"troopBuildings":{"archeryrangelevel":1,"magetowerlevel":1,"stableslevel":1,"warriorschoollevel":1},"resourceBuildings":{"farmlevel":1,"lumberyardlevel":1,"platinumminelevel":1,"quarrylevel":1},"clanPermissions":0,"clanMembershipID":0,"userName":"O","password":"1","locationX":14,"locationY":22,"archerFinalDate":"a","mageFinalDate":"m","cavalryFinalDate":"c","warriorFinalDate":"w"},{"playerID":4,"power":0.0,"resources":{"wood":1000,"stone":1000,"platinum":500,"food":5000},"troops":{"archerNum":0,"warriorNum":0,"mageNum":0,"cavalryNum":0,"totalTroopPower":0},"buildings":{"mainbuildinglevel":1,"researchbuildinglevel":1},"troopBuildings":{"archeryrangelevel":1,"magetowerlevel":1,"stableslevel":1,"warriorschoollevel":1},"resourceBuildings":{"farmlevel":1,"lumberyardlevel":1,"platinumminelevel":1,"quarrylevel":1},"clanPermissions":0,"clanMembershipID":0,"userName":"nick","password":"1","locationX":6,"locationY":19,"archerFinalDate":"a","mageFinalDate":"m","cavalryFinalDate":"c","warriorFinalDate":"w"},{"playerID":5,"power":470.0,"resources":{"wood":95168,"stone":96248,"platinum":500,"food":5000},"troops":{"archerNum":0,"warriorNum":0,"mageNum":0,"cavalryNum":0,"totalTroopPower":0},"buildings":{"mainbuildinglevel":1,"researchbuildinglevel":1},"troopBuildings":{"archeryrangelevel":1,"magetowerlevel":1,"stableslevel":1,"warriorschoollevel":1},"resourceBuildings":{"farmlevel":1,"lumberyardlevel":1,"platinumminelevel":1,"quarrylevel":1},"clanPermissions":0,"clanMembershipID":0,"userName":"otherUser","password":"1","locationX":5,"locationY":2,"archerFinalDate":"a","mageFinalDate":"m","cavalryFinalDate":"c","warriorFinalDate":"w"},{"playerID":6,"power":0.0,"resources":{"wood":1000,"stone":1000,"platinum":500,"food":5000},"troops":{"archerNum":0,"warriorNum":0,"mageNum":0,"cavalryNum":0,"totalTroopPower":0},"buildings":{"mainbuildinglevel":1,"researchbuildinglevel":1},"troopBuildings":{"archeryrangelevel":1,"magetowerlevel":1,"stableslevel":1,"warriorschoollevel":1},"resourceBuildings":{"farmlevel":1,"lumberyardlevel":1,"platinumminelevel":1,"quarrylevel":1},"clanPermissions":0,"clanMembershipID":0,"userName":"Signup1","password":"1","locationX":28,"locationY":13,"archerFinalDate":"a","mageFinalDate":"m","cavalryFinalDate":"c","warriorFinalDate":"w"},{"playerID":7,"power":0.0,"resources":{"wood":1000,"stone":1000,"platinum":500,"food":5000},"troops":{"archerNum":0,"warriorNum":0,"mageNum":0,"cavalryNum":0,"totalTroopPower":0},"buildi
04-26 22:03:49.198  6917  6917 D LifecycleMonitor: Lifecycle status change: com.example.goforth.SignupActivity@8a99f2d in: PAUSED
04-26 22:03:49.200  6917  6917 V ActivityScenario: Activity lifecycle changed event received but ignored because the intent does not match. startActivityIntent=Intent { act=android.intent.action.MAIN cat=[android.intent.category.LAUNCHER] flg=0x10008000 cmp=com.example.goforth/.MainActivity }, activity.getIntent()=Intent { cmp=com.example.goforth/.SignupActivity (has extras) }, activity=com.example.goforth.SignupActivity@8a99f2d
04-26 22:03:49.222   427   427 I BpBinder: onLastStrongRef automatically unlinking death recipients:
04-26 22:03:49.226  6917  6917 D LifecycleMonitor: Lifecycle status change: com.example.goforth.SignupSuccessActivity@f95101c in: PRE_ON_CREATE
04-26 22:03:49.228  6917  6917 V ActivityScenario: Activity lifecycle changed event received but ignored because the intent does not match. startActivityIntent=Intent { act=android.intent.action.MAIN cat=[android.intent.category.LAUNCHER] flg=0x10008000 cmp=com.example.goforth/.MainActivity }, activity.getIntent()=Intent { cmp=com.example.goforth/.SignupSuccessActivity }, activity=com.example.goforth.SignupSuccessActivity@f95101c
04-26 22:03:49.254   424   541 D audioserver: FGS Logger Transaction failed
04-26 22:03:49.255   424   541 D audioserver: -129
04-26 22:03:49.288  6917  6917 D LifecycleMonitor: Lifecycle status change: com.example.goforth.SignupSuccessActivity@f95101c in: CREATED
04-26 22:03:49.289  6917  6917 V ActivityScenario: Activity lifecycle changed event received but ignored because the intent does not match. startActivityIntent=Intent { act=android.intent.action.MAIN cat=[android.intent.category.LAUNCHER] flg=0x10008000 cmp=com.example.goforth/.MainActivity }, activity.getIntent()=Intent { cmp=com.example.goforth/.SignupSuccessActivity }, activity=com.example.goforth.SignupSuccessActivity@f95101c
04-26 22:03:49.297  6917  6917 D LifecycleMonitor: Lifecycle status change: com.example.goforth.SignupSuccessActivity@f95101c in: STARTED
04-26 22:03:49.298  6917  6917 V ActivityScenario: Activity lifecycle changed event received but ignored because the intent does not match. startActivityIntent=Intent { act=android.intent.action.MAIN cat=[android.intent.category.LAUNCHER] flg=0x10008000 cmp=com.example.goforth/.MainActivity }, activity.getIntent()=Intent { cmp=com.example.goforth/.SignupSuccessActivity }, activity=com.example.goforth.SignupSuccessActivity@f95101c
04-26 22:03:49.302  6917  6917 D LifecycleMonitor: Lifecycle status change: com.example.goforth.SignupSuccessActivity@f95101c in: RESUMED
04-26 22:03:49.303  6917  6917 V ActivityScenario: Activity lifecycle changed event received but ignored because the intent does not match. startActivityIntent=Intent { act=android.intent.action.MAIN cat=[android.intent.category.LAUNCHER] flg=0x10008000 cmp=com.example.goforth/.MainActivity }, activity.getIntent()=Intent { cmp=com.example.goforth/.SignupSuccessActivity }, activity=com.example.goforth.SignupSuccessActivity@f95101c
04-26 22:03:49.315  6917  6917 E User Creation: Error creating user: org.json.JSONException: Value New of type java.lang.String cannot be converted to JSONObject
04-26 22:03:49.380  6917  6954 E OpenGLRenderer: Unable to match the desired swap behavior.
04-26 22:03:49.384  6917  6954 D EGL_emulation: app_time_stats: avg=34.55ms min=2.22ms max=372.93ms count=23
04-26 22:03:49.414   575   598 I ActivityTaskManager: Displayed com.example.goforth/.SignupSuccessActivity for user 0: +230ms
04-26 22:03:49.561   575   651 I ImeTracker: com.example.goforth:9be23e78: onRequestHide at ORIGIN_SERVER_HIDE_INPUT reason HIDE_UNSPECIFIED_WINDOW
04-26 22:03:49.562   575   651 I ImeTracker: com.example.goforth:9be23e78: onCancelled at PHASE_SERVER_SHOULD_HIDE
04-26 22:03:49.563  1660  1660 I GoogleInputMethodService: GoogleInputMethodService.onFinishInput():3227
04-26 22:03:49.563  1660  1660 I GoogleInputMethodService: GoogleInputMethodService.updateDeviceLockedStatus():2087 repeatCheckTimes = 0, unlocked = true
04-26 22:03:49.564  1660  1660 I GoogleInputMethodService: GoogleInputMethodService.onStartInput():1877 onStartInput(EditorInfo{inputType=0x0(NULL) imeOptions=0x0 privateImeOptions=null actionName=UNSPECIFIED actionLabel=null actionId=0 initialSelStart=-1 initialSelEnd=-1 initialCapsMode=0x0 hintText=null label=null packageName=com.example.goforth fieldId=0 fieldName=null extras=null}, false)
04-26 22:03:49.564  1660  1660 I GoogleInputMethodService: GoogleInputMethodService.shouldHideHeaderOnInitialState():4008 ShouldHideHeaderOnInitialState = false
04-26 22:03:49.564  1660  1660 I GoogleInputMethodService: GoogleInputMethodService.updateDeviceLockedStatus():2087 repeatCheckTimes = 2, unlocked = true
04-26 22:03:49.566  1660  1660 I HardKeyTracker: HardKeyTracker.registerKeySequence():62 Register key sequence hox{callback=eac@5d5358b, lastModifier=0, keyCodes=[57, 57], actions=[1, 0]}
04-26 22:03:49.566  1660  1660 I HardKeyTracker: HardKeyTracker.registerKeySequence():62 Register key sequence hox{callback=eac@ef41726, lastModifier=0, keyCodes=[58, 58], actions=[1, 0]}
04-26 22:03:49.749  6917  6917 I ViewInteraction: Checking 'androidx.test.espresso.intent.Intents$2@335c0ba' assertion on view view.getRootView() to equal view
04-26 22:03:49.761  6917  6917 D LifecycleMonitor: Lifecycle status change: com.example.goforth.SignupSuccessActivity@f95101c in: PAUSED
04-26 22:03:49.762  6917  6917 V ActivityScenario: Activity lifecycle changed event received but ignored because the intent does not match. startActivityIntent=Intent { act=android.intent.action.MAIN cat=[android.intent.category.LAUNCHER] flg=0x10008000 cmp=com.example.goforth/.MainActivity }, activity.getIntent()=Intent { cmp=com.example.goforth/.SignupSuccessActivity }, activity=com.example.goforth.SignupSuccessActivity@f95101c
04-26 22:03:49.773  6917  6917 D LifecycleMonitor: Lifecycle status change: androidx.test.core.app.InstrumentationActivityInvoker$EmptyActivity@3bec774 in: PRE_ON_CREATE
04-26 22:03:49.776  6917  6917 V ActivityScenario: Activity lifecycle changed event received but ignored because the intent does not match. startActivityIntent=Intent { act=android.intent.action.MAIN cat=[android.intent.category.LAUNCHER] flg=0x10008000 cmp=com.example.goforth/.MainActivity }, activity.getIntent()=Intent { act=android.intent.action.MAIN cat=[android.intent.category.LAUNCHER] flg=0x10000000 cmp=com.example.goforth/androidx.test.core.app.InstrumentationActivityInvoker$EmptyActivity }, activity=androidx.test.core.app.InstrumentationActivityInvoker$EmptyActivity@3bec774
04-26 22:03:49.794  6917  6917 D LifecycleMonitor: Lifecycle status change: androidx.test.core.app.InstrumentationActivityInvoker$EmptyActivity@3bec774 in: CREATED
04-26 22:03:49.796  6917  6917 V ActivityScenario: Activity lifecycle changed event received but ignored because the intent does not match. startActivityIntent=Intent { act=android.intent.action.MAIN cat=[android.intent.category.LAUNCHER] flg=0x10008000 cmp=com.example.goforth/.MainActivity }, activity.getIntent()=Intent { act=android.intent.action.MAIN cat=[android.intent.category.LAUNCHER] flg=0x10000000 cmp=com.example.goforth/androidx.test.core.app.InstrumentationActivityInvoker$EmptyActivity }, activity=androidx.test.core.app.InstrumentationActivityInvoker$EmptyActivity@3bec774
04-26 22:03:49.801  6917  6917 D LifecycleMonitor: Lifecycle status change: androidx.test.core.app.InstrumentationActivityInvoker$EmptyActivity@3bec774 in: STARTED
04-26 22:03:49.802  6917  6917 V ActivityScenario: Activity lifecycle changed event received but ignored because the intent does not match. startActivityIntent=Intent { act=android.intent.action.MAIN cat=[android.intent.category.LAUNCHER] flg=0x10008000 cmp=com.example.goforth/.MainActivity }, activity.getIntent()=Intent { act=android.intent.action.MAIN cat=[android.intent.category.LAUNCHER] flg=0x10000000 cmp=com.example.goforth/androidx.test.core.app.InstrumentationActivityInvoker$EmptyActivity }, activity=androidx.test.core.app.InstrumentationActivityInvoker$EmptyActivity@3bec774
04-26 22:03:49.806  6917  6917 D LifecycleMonitor: Lifecycle status change: androidx.test.core.app.InstrumentationActivityInvoker$EmptyActivity@3bec774 in: RESUMED
04-26 22:03:49.808  6917  6917 V ActivityScenario: Activity lifecycle changed event received but ignored because the intent does not match. startActivityIntent=Intent { act=android.intent.action.MAIN cat=[android.intent.category.LAUNCHER] flg=0x10008000 cmp=com.example.goforth/.MainActivity }, activity.getIntent()=Intent { act=android.intent.action.MAIN cat=[android.intent.category.LAUNCHER] flg=0x10000000 cmp=com.example.goforth/androidx.test.core.app.InstrumentationActivityInvoker$EmptyActivity }, activity=androidx.test.core.app.InstrumentationActivityInvoker$EmptyActivity@3bec774
04-26 22:03:49.844  6917  6954 E OpenGLRenderer: Unable to match the desired swap behavior.
04-26 22:03:49.898   575   598 I ActivityTaskManager: Displayed com.example.goforth/androidx.test.core.app.InstrumentationActivityInvoker$EmptyActivity for user 0: +140ms
04-26 22:03:49.935  6917  6917 D LifecycleMonitor: Lifecycle status change: com.example.goforth.MainActivity@7d8c63f in: DESTROYED
04-26 22:03:49.936  6917  6917 V ActivityScenario: Update currentActivityStage to DESTROYED, currentActivity=null
04-26 22:03:49.936  6917  6917 W WindowOnBackDispatcher: sendCancelIfRunning: isInProgress=falsecallback=android.view.ViewRootImpl$$ExternalSyntheticLambda17@3d24369
04-26 22:03:49.945   575  2182 W InputManager-JNI: Input channel object 'd19a9a0 com.example.goforth/com.example.goforth.MainActivity (client)' was disposed without first being removed with the input manager!
04-26 22:03:49.955  6917  6954 D OpenGLRenderer: endAllActiveAnimators on 0x7c264555ded0 (RippleDrawable) with handle 0x7c2565549140
04-26 22:03:49.963  6917  6917 D LifecycleMonitor: Lifecycle status change: com.example.goforth.SignupActivity@8a99f2d in: STOPPED
04-26 22:03:49.964  6917  6917 V ActivityScenario: Activity lifecycle changed event received but ignored because the intent does not match. startActivityIntent=Intent { act=android.intent.action.MAIN cat=[android.intent.category.LAUNCHER] flg=0x10008000 cmp=com.example.goforth/.MainActivity }, activity.getIntent()=Intent { cmp=com.example.goforth/.SignupActivity (has extras) }, activity=com.example.goforth.SignupActivity@8a99f2d
04-26 22:03:49.967  6917  6917 D LifecycleMonitor: Lifecycle status change: com.example.goforth.SignupSuccessActivity@f95101c in: STOPPED
04-26 22:03:49.968  6917  6917 V ActivityScenario: Activity lifecycle changed event received but ignored because the intent does not match. startActivityIntent=Intent { act=android.intent.action.MAIN cat=[android.intent.category.LAUNCHER] flg=0x10008000 cmp=com.example.goforth/.MainActivity }, activity.getIntent()=Intent { cmp=com.example.goforth/.SignupSuccessActivity }, activity=com.example.goforth.SignupSuccessActivity@f95101c
04-26 22:03:49.970   575   651 I ImeTracker: com.example.goforth:ec8b7fa6: onRequestHide at ORIGIN_SERVER_HIDE_INPUT reason HIDE_UNSPECIFIED_WINDOW
04-26 22:03:49.970   575   651 I ImeTracker: com.example.goforth:ec8b7fa6: onCancelled at PHASE_SERVER_SHOULD_HIDE
04-26 22:03:49.971  1660  1660 I GoogleInputMethodService: GoogleInputMethodService.onFinishInput():3227
04-26 22:03:49.971   427   427 I BpBinder: onLastStrongRef automatically unlinking death recipients:
04-26 22:03:49.973  1660  1660 I GoogleInputMethodService: GoogleInputMethodService.updateDeviceLockedStatus():2087 repeatCheckTimes = 0, unlocked = true
04-26 22:03:49.974  1660  1660 I GoogleInputMethodService: GoogleInputMethodService.onStartInput():1877 onStartInput(EditorInfo{inputType=0x0(NULL) imeOptions=0x0 privateImeOptions=null actionName=UNSPECIFIED actionLabel=null actionId=0 initialSelStart=-1 initialSelEnd=-1 initialCapsMode=0x0 hintText=null label=null packageName=com.example.goforth fieldId=0 fieldName=null extras=null}, false)
04-26 22:03:49.974  1660  1660 I GoogleInputMethodService: GoogleInputMethodService.shouldHideHeaderOnInitialState():4008 ShouldHideHeaderOnInitialState = false
04-26 22:03:49.974  1660  1660 I GoogleInputMethodService: GoogleInputMethodService.updateDeviceLockedStatus():2087 repeatCheckTimes = 2, unlocked = true
04-26 22:03:49.975  6917  6917 D LifecycleMonitor: Lifecycle status change: androidx.test.core.app.InstrumentationActivityInvoker$EmptyActivity@3bec774 in: PAUSED
04-26 22:03:49.976  6917  6917 V ActivityScenario: Activity lifecycle changed event received but ignored because the intent does not match. startActivityIntent=Intent { act=android.intent.action.MAIN cat=[android.intent.category.LAUNCHER] flg=0x10008000 cmp=com.example.goforth/.MainActivity }, activity.getIntent()=Intent { act=android.intent.action.MAIN cat=[android.intent.category.LAUNCHER] flg=0x10000000 cmp=com.example.goforth/androidx.test.core.app.InstrumentationActivityInvoker$EmptyActivity }, activity=androidx.test.core.app.InstrumentationActivityInvoker$EmptyActivity@3bec774
04-26 22:03:49.989   797   925 D EGL_emulation: app_time_stats: avg=19.44ms min=4.71ms max=50.26ms count=50
04-26 22:03:49.997  6917  6917 D LifecycleMonitor: Lifecycle status change: com.example.goforth.SignupSuccessActivity@f95101c in: RESTARTED
04-26 22:03:49.998  6917  6917 V ActivityScenario: Activity lifecycle changed event received but ignored because the intent does not match. startActivityIntent=Intent { act=android.intent.action.MAIN cat=[android.intent.category.LAUNCHER] flg=0x10008000 cmp=com.example.goforth/.MainActivity }, activity.getIntent()=Intent { cmp=com.example.goforth/.SignupSuccessActivity }, activity=com.example.goforth.SignupSuccessActivity@f95101c
04-26 22:03:49.999  6917  6917 D LifecycleMonitor: Lifecycle status change: com.example.goforth.SignupSuccessActivity@f95101c in: STARTED
04-26 22:03:50.000  6917  6917 V ActivityScenario: Activity lifecycle changed event received but ignored because the intent does not match. startActivityIntent=Intent { act=android.intent.action.MAIN cat=[android.intent.category.LAUNCHER] flg=0x10008000 cmp=com.example.goforth/.MainActivity }, activity.getIntent()=Intent { cmp=com.example.goforth/.SignupSuccessActivity }, activity=com.example.goforth.SignupSuccessActivity@f95101c
04-26 22:03:50.002  6917  6917 D LifecycleMonitor: Lifecycle status change: com.example.goforth.SignupSuccessActivity@f95101c in: RESUMED
04-26 22:03:50.002  6917  6917 V ActivityScenario: Activity lifecycle changed event received but ignored because the intent does not match. startActivityIntent=Intent { act=android.intent.action.MAIN cat=[android.intent.category.LAUNCHER] flg=0x10008000 cmp=com.example.goforth/.MainActivity }, activity.getIntent()=Intent { cmp=com.example.goforth/.SignupSuccessActivity }, activity=com.example.goforth.SignupSuccessActivity@f95101c
04-26 22:03:50.018  6917  6954 E OpenGLRenderer: Unable to match the desired swap behavior.
04-26 22:03:50.045  6917  6952 I TestRunner: finished: signupTest(com.example.goforth.NicholasSystemTest)
