04-26 22:03:42.404  6917  6917 D IdlingRegistry: Unregistering idling resources: [androidx.test.espresso.action.CloseKeyboardAction$CloseKeyboardIdlingResult@82e89d8]
04-26 22:03:42.416  6917  6917 I ViewInteraction: Performing 'single click' action on view view.getId() is <2131230724/com.example.goforth:id/Button>
04-26 22:03:42.419  1095  1095 D TaplEvents: TIS / TouchInteractionService.onInputEvent: MotionEvent { action=ACTION_DOWN, actionButton=0, id[0]=0, x[0]=539.5, y[0]=1644.0, toolType[0]=TOOL_TYPE_UNKNOWN, buttonState=BUTTON_PRIMARY, classification=NONE, metaState=0, flags=0x0, edgeFlags=0x0, pointerCount=1, historySize=0, eventTime=1126403, downTime=1126403, deviceId=-1, source=0x1002, displayId=0, eventId=-1054538262 }
04-26 22:03:42.455  6917  6954 D EGL_emulation: app_time_stats: avg=206.14ms min=9.58ms max=373.33ms count=5
04-26 22:03:42.464  1095  1095 D TaplEvents: TIS / TouchInteractionService.onInputEvent: MotionEvent { action=ACTION_UP, actionButton=0, id[0]=0, x[0]=539.5, y[0]=1644.0, toolType[0]=TOOL_TYPE_UNKNOWN, buttonState=BUTTON_PRIMARY, classification=NONE, metaState=0, flags=0x0, edgeFlags=0x0, pointerCount=1, historySize=0, eventTime=1126447, downTime=1126403, deviceId=-1, source=0x1002, displayId=0, eventId=-613605241 }
04-26 22:03:42.467   424   424 D audioserver: FGS Logger Transaction failed
04-26 22:03:42.467   424   424 D audioserver: -129
04-26 22:03:42.496   424   541 D AudioFlinger: mixer(0x7ec3327ca930) throttle end: throttle time(37)
04-26 22:03:42.542   361  6985 I resolv  : GetAddrInfoHandler::run: {101 101 101 983141 10235 0}
04-26 22:03:42.546   361  6987 I resolv  : res_nmkquery: (QUERY, IN, A)
04-26 22:03:42.546   361  6986 I resolv  : res_nmkquery: (QUERY, IN, AAAA)
04-26 22:03:42.546   361  6987 I resolv  : resolv_cache_lookup: FOUND IN CACHE entry=0x71fbf26d9e10
04-26 22:03:42.547   361  6987 I resolv  : doQuery: rcode=0, ancount=1, return value=68
04-26 22:03:42.553   361  6986 I resolv  : res_nsend: used send_dg 52 terrno: 0
04-26 22:03:42.554   361  6986 I resolv  : doQuery: rcode=0, ancount=0, return value=52
04-26 22:03:42.556  6917  6981 D TrafficStats: tagSocket(121) with statsTag=0x4c8e97b5, statsUid=-1
04-26 22:03:42.621  6917  6917 D Display response: [{"playerID":1,"power":3300.0,"resources":{"wood":559,"stone":191,"platinum":500,"food":5000},"troops":{"archerNum":293,"warriorNum":83,"mageNum":153,"cavalryNum":131,"totalTroopPower":2780},"buildings":{"mainbuildinglevel":3,"researchbuildinglevel":1},"troopBuildings":{"archeryrangelevel":1,"magetowerlevel":1,"stableslevel":1,"warriorschoollevel":1},"resourceBuildings":{"farmlevel":1,"lumberyardlevel":1,"platinumminelevel":1,"quarrylevel":1},"clanPermissions":0,"clanMembershipID":0,"userName":"apple","password":"green","locationX":2,"locationY":5,"archerFinalDate":"04/26/2024 20:56:03","mageFinalDate":"04/26/2024 20:56:04","cavalryFinalDate":"04/26/2024 20:56:04","warriorFinalDate":"04/26/2024 20:56:44"},{"playerID":2,"power":470.0,"resources":{"wood":1000,"stone":1000,"platinum":500,"food":5000},"troops":{"archerNum":0,"warriorNum":0,"mageNum":0,"cavalryNum":0,"totalTroopPower":0},"buildings":{"mainbuildinglevel":1,"researchbuildinglevel":1},"troopBuildings":{"archeryrangelevel":1,"magetowerlevel":1,"stableslevel":1,"warriorschoollevel":1},"resourceBuildings":{"farmlevel":1,"lumberyardlevel":1,"platinumminelevel":1,"quarrylevel":1},"clanPermissions":3,"clanMembershipID":1,"userName":"Nick","password":"1","locationX":25,"locationY":10,"archerFinalDate":"a","mageFinalDate":"m","cavalryFinalDate":"c","warriorFinalDate":"w"},{"playerID":3,"power":0.0,"resources":{"wood":1000,"stone":1000,"platinum":500,"food":5000},"troops":{"archerNum":0,"warriorNum":0,"mageNum":0,"cavalryNum":0,"totalTroopPower":0},"buildings":{"mainbuildinglevel":1,"researchbuildinglevel":1},"troopBuildings":{"archeryrangelevel":1,"magetowerlevel":1,"stableslevel":1,"warriorschoollevel":1},"resourceBuildings":{"farmlevel":1,"lumberyardlevel":1,"platinumminelevel":1,"quarrylevel":1},"clanPermissions":0,"clanMembershipID":0,"userName":"O","password":"1","locationX":14,"locationY":22,"archerFinalDate":"a","mageFinalDate":"m","cavalryFinalDate":"c","warriorFinalDate":"w"},{"playerID":4,"power":0.0,"resources":{"wood":1000,"stone":1000,"platinum":500,"food":5000},"troops":{"archerNum":0,"warriorNum":0,"mageNum":0,"cavalryNum":0,"totalTroopPower":0},"buildings":{"mainbuildinglevel":1,"researchbuildinglevel":1},"troopBuildings":{"archeryrangelevel":1,"magetowerlevel":1,"stableslevel":1,"warriorschoollevel":1},"resourceBuildings":{"farmlevel":1,"lumberyardlevel":1,"platinumminelevel":1,"quarrylevel":1},"clanPermissions":0,"clanMembershipID":0,"userName":"nick","password":"1","locationX":6,"locationY":19,"archerFinalDate":"a","mageFinalDate":"m","cavalryFinalDate":"c","warriorFinalDate":"w"},{"playerID":5,"power":470.0,"resources":{"wood":95168,"stone":96248,"platinum":500,"food":5000},"troops":{"archerNum":0,"warriorNum":0,"mageNum":0,"cavalryNum":0,"totalTroopPower":0},"buildings":{"mainbuildinglevel":1,"researchbuildinglevel":1},"troopBuildings":{"archeryrangelevel":1,"magetowerlevel":1,"stableslevel":1,"warriorschoollevel":1},"resourceBuildings":{"farmlevel":1,"lumberyardlevel":1,"platinumminelevel":1,"quarrylevel":1},"clanPermissions":0,"clanMembershipID":0,"userName":"otherUser","password":"1","locationX":5,"locationY":2,"archerFinalDate":"a","mageFinalDate":"m","cavalryFinalDate":"c","warriorFinalDate":"w"},{"playerID":6,"power":0.0,"resources":{"wood":1000,"stone":1000,"platinum":500,"food":5000},"troops":{"archerNum":0,"warriorNum":0,"mageNum":0,"cavalryNum":0,"totalTroopPower":0},"buildings":{"mainbuildinglevel":1,"researchbuildinglevel":1},"troopBuildings":{"archeryrangelevel":1,"magetowerlevel":1,"stableslevel":1,"warriorschoollevel":1},"resourceBuildings":{"farmlevel":1,"lumberyardlevel":1,"platinumminelevel":1,"quarrylevel":1},"clanPermissions":0,"clanMembershipID":0,"userName":"Signup1","password":"1","locationX":28,"locationY":13,"archerFinalDate":"a","mageFinalDate":"m","cavalryFinalDate":"c","warriorFinalDate":"w"},{"playerID":7,"power":0.0,"resources":{"wood":1000,"stone":1000,"platinum":500,"food":5000},"troops":{"archerNum":0,"warriorNum":0,"mageNum":0,"cavalryNum":0,"totalTroopPower":0},"buildi
04-26 22:03:42.702   424   541 D audioserver: FGS Logger Transaction failed
04-26 22:03:42.703   424   541 D audioserver: -129
04-26 22:03:42.764  6917  6917 D LifecycleMonitor: Lifecycle status change: com.example.goforth.LoginActivity@3be2314 in: PAUSED
04-26 22:03:42.767  6917  6917 V ActivityScenario: Activity lifecycle changed event received but ignored because the intent does not match. startActivityIntent=Intent { act=android.intent.action.MAIN cat=[android.intent.category.LAUNCHER] flg=0x10008000 cmp=com.example.goforth/.MainActivity }, activity.getIntent()=Intent { cmp=com.example.goforth/.LoginActivity (has extras) }, activity=com.example.goforth.LoginActivity@3be2314
04-26 22:03:42.789   427   427 I BpBinder: onLastStrongRef automatically unlinking death recipients:
04-26 22:03:42.818  6917  6917 D LifecycleMonitor: Lifecycle status change: com.example.goforth.MainActivity@9da5377 in: PRE_ON_CREATE
04-26 22:03:42.822  6917  6917 V ActivityScenario: Activity lifecycle changed event received but ignored because the intent does not match. startActivityIntent=Intent { act=android.intent.action.MAIN cat=[android.intent.category.LAUNCHER] flg=0x10008000 cmp=com.example.goforth/.MainActivity }, activity.getIntent()=Intent { cmp=com.example.goforth/.MainActivity (has extras) }, activity=com.example.goforth.MainActivity@9da5377
04-26 22:03:43.270  6917  6917 D LifecycleMonitor: Lifecycle status change: com.example.goforth.MainActivity@9da5377 in: CREATED
04-26 22:03:43.275  6917  6917 V ActivityScenario: Activity lifecycle changed event received but ignored because the intent does not match. startActivityIntent=Intent { act=android.intent.action.MAIN cat=[android.intent.category.LAUNCHER] flg=0x10008000 cmp=com.example.goforth/.MainActivity }, activity.getIntent()=Intent { cmp=com.example.goforth/.MainActivity (has extras) }, activity=com.example.goforth.MainActivity@9da5377
04-26 22:03:43.302  6917  6917 D LifecycleMonitor: Lifecycle status change: com.example.goforth.MainActivity@9da5377 in: STARTED
04-26 22:03:43.306  6917  6917 V ActivityScenario: Activity lifecycle changed event received but ignored because the intent does not match. startActivityIntent=Intent { act=android.intent.action.MAIN cat=[android.intent.category.LAUNCHER] flg=0x10008000 cmp=com.example.goforth/.MainActivity }, activity.getIntent()=Intent { cmp=com.example.goforth/.MainActivity (has extras) }, activity=com.example.goforth.MainActivity@9da5377
04-26 22:03:43.320  6917  6917 D LifecycleMonitor: Lifecycle status change: com.example.goforth.MainActivity@9da5377 in: RESUMED
04-26 22:03:43.325   797   925 D EGL_emulation: app_time_stats: avg=20.73ms min=2.77ms max=50.64ms count=46
04-26 22:03:43.325  6917  6917 V ActivityScenario: Activity lifecycle changed event received but ignored because the intent does not match. startActivityIntent=Intent { act=android.intent.action.MAIN cat=[android.intent.category.LAUNCHER] flg=0x10008000 cmp=com.example.goforth/.MainActivity }, activity.getIntent()=Intent { cmp=com.example.goforth/.MainActivity (has extras) }, activity=com.example.goforth.MainActivity@9da5377
04-26 22:03:43.461  6917  6954 D EGL_emulation: app_time_stats: avg=13.92ms min=2.39ms max=22.26ms count=60
04-26 22:03:43.468  6917  6954 E OpenGLRenderer: Unable to match the desired swap behavior.
04-26 22:03:43.587   575   598 I ActivityTaskManager: Displayed com.example.goforth/.MainActivity for user 0: +848ms
04-26 22:03:43.771   575  2182 I ImeTracker: com.example.goforth:fa9c51a3: onRequestHide at ORIGIN_SERVER_HIDE_INPUT reason HIDE_UNSPECIFIED_WINDOW
04-26 22:03:43.772   575  2182 I ImeTracker: com.example.goforth:fa9c51a3: onCancelled at PHASE_SERVER_SHOULD_HIDE
04-26 22:03:43.778  1660  1660 I GoogleInputMethodService: GoogleInputMethodService.onFinishInput():3227
04-26 22:03:43.781  1660  1660 I GoogleInputMethodService: GoogleInputMethodService.updateDeviceLockedStatus():2087 repeatCheckTimes = 0, unlocked = true
04-26 22:03:43.781  1660  1660 I GoogleInputMethodService: GoogleInputMethodService.onStartInput():1877 onStartInput(EditorInfo{inputType=0x0(NULL) imeOptions=0x0 privateImeOptions=null actionName=UNSPECIFIED actionLabel=null actionId=0 initialSelStart=-1 initialSelEnd=-1 initialCapsMode=0x0 hintText=null label=null packageName=com.example.goforth fieldId=0 fieldName=null extras=null}, false)
04-26 22:03:43.781  1660  1660 I GoogleInputMethodService: GoogleInputMethodService.shouldHideHeaderOnInitialState():4008 ShouldHideHeaderOnInitialState = false
04-26 22:03:43.782  1660  1660 I GoogleInputMethodService: GoogleInputMethodService.updateDeviceLockedStatus():2087 repeatCheckTimes = 2, unlocked = true
04-26 22:03:43.784  1660  1660 I HardKeyTracker: HardKeyTracker.registerKeySequence():62 Register key sequence hox{callback=eac@4231586, lastModifier=0, keyCodes=[57, 57], actions=[1, 0]}
04-26 22:03:43.785  1660  1660 I HardKeyTracker: HardKeyTracker.registerKeySequence():62 Register key sequence hox{callback=eac@a0ec79d, lastModifier=0, keyCodes=[58, 58], actions=[1, 0]}
04-26 22:03:43.860  6917  6917 I ViewInteraction: Checking 'androidx.test.espresso.intent.Intents$2@fa05b5' assertion on view view.getRootView() to equal view
04-26 22:03:43.887  6917  6917 D LifecycleMonitor: Lifecycle status change: com.example.goforth.MainActivity@9da5377 in: PAUSED
04-26 22:03:43.888  6917  6917 V ActivityScenario: Activity lifecycle changed event received but ignored because the intent does not match. startActivityIntent=Intent { act=android.intent.action.MAIN cat=[android.intent.category.LAUNCHER] flg=0x10008000 cmp=com.example.goforth/.MainActivity }, activity.getIntent()=Intent { cmp=com.example.goforth/.MainActivity (has extras) }, activity=com.example.goforth.MainActivity@9da5377
04-26 22:03:43.912  6917  6917 D LifecycleMonitor: Lifecycle status change: androidx.test.core.app.InstrumentationActivityInvoker$EmptyActivity@92366d in: PRE_ON_CREATE
04-26 22:03:43.913  6917  6917 V ActivityScenario: Activity lifecycle changed event received but ignored because the intent does not match. startActivityIntent=Intent { act=android.intent.action.MAIN cat=[android.intent.category.LAUNCHER] flg=0x10008000 cmp=com.example.goforth/.MainActivity }, activity.getIntent()=Intent { act=android.intent.action.MAIN cat=[android.intent.category.LAUNCHER] flg=0x10000000 cmp=com.example.goforth/androidx.test.core.app.InstrumentationActivityInvoker$EmptyActivity }, activity=androidx.test.core.app.InstrumentationActivityInvoker$EmptyActivity@92366d
04-26 22:03:43.927  6917  6917 D LifecycleMonitor: Lifecycle status change: androidx.test.core.app.InstrumentationActivityInvoker$EmptyActivity@92366d in: CREATED
04-26 22:03:43.928  6917  6917 V ActivityScenario: Activity lifecycle changed event received but ignored because the intent does not match. startActivityIntent=Intent { act=android.intent.action.MAIN cat=[android.intent.category.LAUNCHER] flg=0x10008000 cmp=com.example.goforth/.MainActivity }, activity.getIntent()=Intent { act=android.intent.action.MAIN cat=[android.intent.category.LAUNCHER] flg=0x10000000 cmp=com.example.goforth/androidx.test.core.app.InstrumentationActivityInvoker$EmptyActivity }, activity=androidx.test.core.app.InstrumentationActivityInvoker$EmptyActivity@92366d
04-26 22:03:43.930  6917  6917 D LifecycleMonitor: Lifecycle status change: androidx.test.core.app.InstrumentationActivityInvoker$EmptyActivity@92366d in: STARTED
04-26 22:03:43.930  6917  6917 V ActivityScenario: Activity lifecycle changed event received but ignored because the intent does not match. startActivityIntent=Intent { act=android.intent.action.MAIN cat=[android.intent.category.LAUNCHER] flg=0x10008000 cmp=com.example.goforth/.MainActivity }, activity.getIntent()=Intent { act=android.intent.action.MAIN cat=[android.intent.category.LAUNCHER] flg=0x10000000 cmp=com.example.goforth/androidx.test.core.app.InstrumentationActivityInvoker$EmptyActivity }, activity=androidx.test.core.app.InstrumentationActivityInvoker$EmptyActivity@92366d
04-26 22:03:43.932  6917  6917 D LifecycleMonitor: Lifecycle status change: androidx.test.core.app.InstrumentationActivityInvoker$EmptyActivity@92366d in: RESUMED
04-26 22:03:43.934  6917  6917 V ActivityScenario: Activity lifecycle changed event received but ignored because the intent does not match. startActivityIntent=Intent { act=android.intent.action.MAIN cat=[android.intent.category.LAUNCHER] flg=0x10008000 cmp=com.example.goforth/.MainActivity }, activity.getIntent()=Intent { act=android.intent.action.MAIN cat=[android.intent.category.LAUNCHER] flg=0x10000000 cmp=com.example.goforth/androidx.test.core.app.InstrumentationActivityInvoker$EmptyActivity }, activity=androidx.test.core.app.InstrumentationActivityInvoker$EmptyActivity@92366d
04-26 22:03:43.956  6917  6954 E OpenGLRenderer: Unable to match the desired swap behavior.
04-26 22:03:43.996   575   598 I ActivityTaskManager: Displayed com.example.goforth/androidx.test.core.app.InstrumentationActivityInvoker$EmptyActivity for user 0: +115ms
04-26 22:03:44.077  6917  6917 D LifecycleMonitor: Lifecycle status change: com.example.goforth.LoginActivity@3be2314 in: STOPPED
04-26 22:03:44.078  6917  6917 V ActivityScenario: Activity lifecycle changed event received but ignored because the intent does not match. startActivityIntent=Intent { act=android.intent.action.MAIN cat=[android.intent.category.LAUNCHER] flg=0x10008000 cmp=com.example.goforth/.MainActivity }, activity.getIntent()=Intent { cmp=com.example.goforth/.LoginActivity (has extras) }, activity=com.example.goforth.LoginActivity@3be2314
04-26 22:03:44.083  6917  6917 D LifecycleMonitor: Lifecycle status change: com.example.goforth.MainActivity@9da5377 in: STOPPED
04-26 22:03:44.084  6917  6917 V ActivityScenario: Activity lifecycle changed event received but ignored because the intent does not match. startActivityIntent=Intent { act=android.intent.action.MAIN cat=[android.intent.category.LAUNCHER] flg=0x10008000 cmp=com.example.goforth/.MainActivity }, activity.getIntent()=Intent { cmp=com.example.goforth/.MainActivity (has extras) }, activity=com.example.goforth.MainActivity@9da5377
04-26 22:03:44.094   575  1861 I ImeTracker: com.example.goforth:9082e7c3: onRequestHide at ORIGIN_SERVER_HIDE_INPUT reason HIDE_UNSPECIFIED_WINDOW
04-26 22:03:44.094   575  1861 I ImeTracker: com.example.goforth:9082e7c3: onCancelled at PHASE_SERVER_SHOULD_HIDE
04-26 22:03:44.096  1660  1660 I GoogleInputMethodService: GoogleInputMethodService.onFinishInput():3227
04-26 22:03:44.098  1660  1660 I GoogleInputMethodService: GoogleInputMethodService.updateDeviceLockedStatus():2087 repeatCheckTimes = 0, unlocked = true
04-26 22:03:44.098  1660  1660 I GoogleInputMethodService: GoogleInputMethodService.onStartInput():1877 onStartInput(EditorInfo{inputType=0x0(NULL) imeOptions=0x0 privateImeOptions=null actionName=UNSPECIFIED actionLabel=null actionId=0 initialSelStart=-1 initialSelEnd=-1 initialCapsMode=0x0 hintText=null label=null packageName=com.example.goforth fieldId=0 fieldName=null extras=null}, false)
04-26 22:03:44.098  1660  1660 I GoogleInputMethodService: GoogleInputMethodService.shouldHideHeaderOnInitialState():4008 ShouldHideHeaderOnInitialState = false
04-26 22:03:44.099  1660  1660 I GoogleInputMethodService: GoogleInputMethodService.updateDeviceLockedStatus():2087 repeatCheckTimes = 2, unlocked = true
04-26 22:03:44.117  6917  6917 D LifecycleMonitor: Lifecycle status change: com.example.goforth.MainActivity@1985f97 in: DESTROYED
04-26 22:03:44.118  6917  6917 V ActivityScenario: Update currentActivityStage to DESTROYED, currentActivity=null
04-26 22:03:44.119  6917  6917 W WindowOnBackDispatcher: sendCancelIfRunning: isInProgress=falsecallback=android.view.ViewRootImpl$$ExternalSyntheticLambda17@7f277af
04-26 22:03:44.129   575  2182 W InputManager-JNI: Input channel object 'd5e4e3d com.example.goforth/com.example.goforth.MainActivity (client)' was disposed without first being removed with the input manager!
04-26 22:03:44.149  6917  6917 D LifecycleMonitor: Lifecycle status change: androidx.test.core.app.InstrumentationActivityInvoker$EmptyActivity@92366d in: PAUSED
04-26 22:03:44.150  6917  6917 V ActivityScenario: Activity lifecycle changed event received but ignored because the intent does not match. startActivityIntent=Intent { act=android.intent.action.MAIN cat=[android.intent.category.LAUNCHER] flg=0x10008000 cmp=com.example.goforth/.MainActivity }, activity.getIntent()=Intent { act=android.intent.action.MAIN cat=[android.intent.category.LAUNCHER] flg=0x10000000 cmp=com.example.goforth/androidx.test.core.app.InstrumentationActivityInvoker$EmptyActivity }, activity=androidx.test.core.app.InstrumentationActivityInvoker$EmptyActivity@92366d
04-26 22:03:44.155   427   427 I BpBinder: onLastStrongRef automatically unlinking death recipients:
04-26 22:03:44.155  6917  6917 D LifecycleMonitor: Lifecycle status change: com.example.goforth.MainActivity@9da5377 in: RESTARTED
04-26 22:03:44.157  6917  6917 V ActivityScenario: Activity lifecycle changed event received but ignored because the intent does not match. startActivityIntent=Intent { act=android.intent.action.MAIN cat=[android.intent.category.LAUNCHER] flg=0x10008000 cmp=com.example.goforth/.MainActivity }, activity.getIntent()=Intent { cmp=com.example.goforth/.MainActivity (has extras) }, activity=com.example.goforth.MainActivity@9da5377
04-26 22:03:44.159  6917  6917 D LifecycleMonitor: Lifecycle status change: com.example.goforth.MainActivity@9da5377 in: STARTED
04-26 22:03:44.160  6917  6917 V ActivityScenario: Activity lifecycle changed event received but ignored because the intent does not match. startActivityIntent=Intent { act=android.intent.action.MAIN cat=[android.intent.category.LAUNCHER] flg=0x10008000 cmp=com.example.goforth/.MainActivity }, activity.getIntent()=Intent { cmp=com.example.goforth/.MainActivity (has extras) }, activity=com.example.goforth.MainActivity@9da5377
04-26 22:03:44.163  6917  6917 D LifecycleMonitor: Lifecycle status change: com.example.goforth.MainActivity@9da5377 in: RESUMED
04-26 22:03:44.164  6917  6917 V ActivityScenario: Activity lifecycle changed event received but ignored because the intent does not match. startActivityIntent=Intent { act=android.intent.action.MAIN cat=[android.intent.category.LAUNCHER] flg=0x10008000 cmp=com.example.goforth/.MainActivity }, activity.getIntent()=Intent { cmp=com.example.goforth/.MainActivity (has extras) }, activity=com.example.goforth.MainActivity@9da5377
04-26 22:03:44.186  6917  6954 E OpenGLRenderer: Unable to match the desired swap behavior.
04-26 22:03:44.250  6917  6917 D LifecycleMonitor: Lifecycle status change: androidx.test.core.app.InstrumentationActivityInvoker$EmptyActivity@92366d in: STOPPED
04-26 22:03:44.250  6917  6917 V ActivityScenario: Activity lifecycle changed event received but ignored because the intent does not match. startActivityIntent=Intent { act=android.intent.action.MAIN cat=[android.intent.category.LAUNCHER] flg=0x10008000 cmp=com.example.goforth/.MainActivity }, activity.getIntent()=Intent { act=android.intent.action.MAIN cat=[android.intent.category.LAUNCHER] flg=0x10000000 cmp=com.example.goforth/androidx.test.core.app.InstrumentationActivityInvoker$EmptyActivity }, activity=androidx.test.core.app.InstrumentationActivityInvoker$EmptyActivity@92366d
04-26 22:03:44.251  6917  6917 D LifecycleMonitor: Lifecycle status change: androidx.test.core.app.InstrumentationActivityInvoker$EmptyActivity@92366d in: DESTROYED
04-26 22:03:44.252  6917  6917 V ActivityScenario: Activity lifecycle changed event received but ignored because the intent does not match. startActivityIntent=Intent { act=android.intent.action.MAIN cat=[android.intent.category.LAUNCHER] flg=0x10008000 cmp=com.example.goforth/.MainActivity }, activity.getIntent()=Intent { act=android.intent.action.MAIN cat=[android.intent.category.LAUNCHER] flg=0x10000000 cmp=com.example.goforth/androidx.test.core.app.InstrumentationActivityInvoker$EmptyActivity }, activity=androidx.test.core.app.InstrumentationActivityInvoker$EmptyActivity@92366d
04-26 22:03:44.253  6917  6917 W WindowOnBackDispatcher: sendCancelIfRunning: isInProgress=falsecallback=android.view.ViewRootImpl$$ExternalSyntheticLambda17@6019dab
04-26 22:03:44.254   575  1861 W InputManager-JNI: Input channel object 'b9e4161 com.example.goforth/androidx.test.core.app.InstrumentationActivityInvoker$EmptyActivity (client)' was disposed without first being removed with the input manager!
04-26 22:03:44.268   575  1861 I ImeTracker: com.example.goforth:f3d324db: onRequestHide at ORIGIN_SERVER_HIDE_INPUT reason HIDE_UNSPECIFIED_WINDOW
04-26 22:03:44.268   575  1861 I ImeTracker: com.example.goforth:f3d324db: onCancelled at PHASE_SERVER_SHOULD_HIDE
04-26 22:03:44.268  1660  1660 I GoogleInputMethodService: GoogleInputMethodService.onFinishInput():3227
04-26 22:03:44.269  1660  1660 I GoogleInputMethodService: GoogleInputMethodService.updateDeviceLockedStatus():2087 repeatCheckTimes = 0, unlocked = true
04-26 22:03:44.269  1660  1660 I GoogleInputMethodService: GoogleInputMethodService.onStartInput():1877 onStartInput(EditorInfo{inputType=0x0(NULL) imeOptions=0x0 privateImeOptions=null actionName=UNSPECIFIED actionLabel=null actionId=0 initialSelStart=-1 initialSelEnd=-1 initialCapsMode=0x0 hintText=null label=null packageName=com.example.goforth fieldId=0 fieldName=null extras=null}, false)
04-26 22:03:44.269  1660  1660 I GoogleInputMethodService: GoogleInputMethodService.shouldHideHeaderOnInitialState():4008 ShouldHideHeaderOnInitialState = false
04-26 22:03:44.270  1660  1660 I GoogleInputMethodService: GoogleInputMethodService.updateDeviceLockedStatus():2087 repeatCheckTimes = 2, unlocked = true
04-26 22:03:44.319  6917  6952 I TestRunner: finished: testLogin(com.example.goforth.NicholasSystemTest)
